Jun-15 17:13:41.525 [main] DEBUG nextflow.cli.Launcher - $> nextflow run main.nf -profile docker --docker-options '--platform linux/amd64' -resume
Jun-15 17:13:41.590 [main] DEBUG nextflow.cli.CmdRun - N E X T F L O W  ~  version 24.04.2
Jun-15 17:13:41.601 [main] DEBUG nextflow.plugin.PluginsFacade - Setting up plugin manager > mode=prod; embedded=false; plugins-dir=/Users/majeedjamakhani/.nextflow/plugins; core-plugins: nf-amazon@2.5.2,nf-azure@1.6.0,nf-cloudcache@0.4.1,nf-codecommit@0.2.0,nf-console@1.1.3,nf-ga4gh@1.3.0,nf-google@1.13.2,nf-tower@1.9.1,nf-wave@1.4.2
Jun-15 17:13:41.607 [main] INFO  o.pf4j.DefaultPluginStatusProvider - Enabled plugins: []
Jun-15 17:13:41.608 [main] INFO  o.pf4j.DefaultPluginStatusProvider - Disabled plugins: []
Jun-15 17:13:41.609 [main] INFO  org.pf4j.DefaultPluginManager - PF4J version 3.10.0 in 'deployment' mode
Jun-15 17:13:41.615 [main] INFO  org.pf4j.AbstractPluginManager - No plugins
Jun-15 17:13:41.627 [main] DEBUG nextflow.config.ConfigBuilder - Found config local: /Users/majeedjamakhani/MJ-IMM/Personal/Learn-update/Workflow-learn/Nextflow_scRNA/nextflow.config
Jun-15 17:13:41.628 [main] DEBUG nextflow.config.ConfigBuilder - Parsing config file: /Users/majeedjamakhani/MJ-IMM/Personal/Learn-update/Workflow-learn/Nextflow_scRNA/nextflow.config
Jun-15 17:13:41.642 [main] DEBUG n.secret.LocalSecretsProvider - Secrets store: /Users/majeedjamakhani/.nextflow/secrets/store.json
Jun-15 17:13:41.644 [main] DEBUG nextflow.secret.SecretsLoader - Discovered secrets providers: [nextflow.secret.LocalSecretsProvider@aed0151] - activable => nextflow.secret.LocalSecretsProvider@aed0151
Jun-15 17:13:41.650 [main] DEBUG nextflow.config.ConfigBuilder - Applying config profile: `docker`
Jun-15 17:13:41.868 [main] DEBUG nextflow.config.ConfigBuilder - Available config profiles: [standard, conda, docker]
Jun-15 17:13:41.882 [main] DEBUG nextflow.cli.CmdRun - Applied DSL=2 by global default
Jun-15 17:13:41.889 [main] DEBUG nextflow.cli.CmdRun - Launching `main.nf` [mighty_lavoisier] DSL2 - revision: 5f08cc8e2d
Jun-15 17:13:41.890 [main] DEBUG nextflow.plugin.PluginsFacade - Plugins default=[]
Jun-15 17:13:41.890 [main] DEBUG nextflow.plugin.PluginsFacade - Plugins resolved requirement=[]
Jun-15 17:13:41.916 [main] DEBUG nextflow.Session - Session UUID: 3f159c2b-e709-4878-9f98-57074ec76d4c
Jun-15 17:13:41.916 [main] DEBUG nextflow.Session - Run name: mighty_lavoisier
Jun-15 17:13:41.916 [main] DEBUG nextflow.Session - Executor pool size: 14
Jun-15 17:13:41.920 [main] DEBUG nextflow.file.FilePorter - File porter settings maxRetries=3; maxTransfers=50; pollTimeout=null
Jun-15 17:13:41.938 [main] DEBUG nextflow.cli.CmdRun - 
  Version: 24.04.2 build 5914
  Created: 29-05-2024 06:19 UTC (07:19 WEST)
  System: Mac OS X 14.6.1
  Runtime: Groovy 4.0.21 on Java HotSpot(TM) 64-Bit Server VM 22.0.1+8-16
  Encoding: UTF-8 (UTF-8)
  Process: 36087@MMOTA-MAC03 [192.168.1.222]
  CPUs: 14 - Mem: 36 GB (2.2 GB) - Swap: 0 (0) - Virtual threads ON
Jun-15 17:13:41.953 [main] DEBUG nextflow.Session - Work-dir: /Users/majeedjamakhani/MJ-IMM/Personal/Learn-update/Workflow-learn/Nextflow_scRNA/work [Mac OS X]
Jun-15 17:13:41.960 [main] DEBUG nextflow.executor.ExecutorFactory - Extension executors providers=[]
Jun-15 17:13:41.965 [main] DEBUG nextflow.Session - Observer factory: DefaultObserverFactory
Jun-15 17:13:41.977 [main] DEBUG nextflow.cache.CacheFactory - Using Nextflow cache factory: nextflow.cache.DefaultCacheFactory
Jun-15 17:13:41.981 [main] DEBUG nextflow.util.CustomPoolFactory - Creating virtual thread pool
Jun-15 17:13:42.023 [main] DEBUG nextflow.Session - Session start
Jun-15 17:13:42.093 [main] DEBUG nextflow.script.ScriptRunner - > Launching execution
Jun-15 17:13:42.261 [main] DEBUG nextflow.script.ProcessConfig - Config settings `withName:OBJECT_CREATION_MS` matches process OBJECT_CREATION_MS
Jun-15 17:13:42.266 [main] DEBUG nextflow.executor.ExecutorFactory - << taskConfig executor: null
Jun-15 17:13:42.266 [main] DEBUG nextflow.executor.ExecutorFactory - >> processorType: 'local'
Jun-15 17:13:42.269 [main] DEBUG nextflow.executor.Executor - [warm up] executor > local
Jun-15 17:13:42.272 [main] DEBUG n.processor.LocalPollingMonitor - Creating local task monitor for executor 'local' > cpus=14; memory=36 GB; capacity=14; pollInterval=100ms; dumpInterval=5m
Jun-15 17:13:42.273 [main] DEBUG n.processor.TaskPollingMonitor - >>> barrier register (monitor: local)
Jun-15 17:13:42.302 [main] DEBUG nextflow.script.ProcessConfig - Config settings `withName:PREPROCESS` matches process PREPROCESS
Jun-15 17:13:42.303 [main] DEBUG nextflow.executor.ExecutorFactory - << taskConfig executor: null
Jun-15 17:13:42.303 [main] DEBUG nextflow.executor.ExecutorFactory - >> processorType: 'local'
Jun-15 17:13:42.306 [main] DEBUG nextflow.executor.ExecutorFactory - << taskConfig executor: null
Jun-15 17:13:42.306 [main] DEBUG nextflow.executor.ExecutorFactory - >> processorType: 'local'
Jun-15 17:13:42.307 [main] DEBUG nextflow.Session - Workflow process names [dsl2]: PREPROCESS, DEG_ANALYSIS, OBJECT_CREATION_MS, OBJECT_CREATION_SS
Jun-15 17:13:42.307 [main] DEBUG nextflow.Session - Igniting dataflow network (6)
Jun-15 17:13:42.310 [main] DEBUG nextflow.processor.TaskProcessor - Starting process > OBJECT_CREATION_MS
Jun-15 17:13:42.310 [main] DEBUG nextflow.processor.TaskProcessor - Starting process > PREPROCESS
Jun-15 17:13:42.310 [main] DEBUG nextflow.processor.TaskProcessor - Starting process > DEG_ANALYSIS
Jun-15 17:13:42.310 [main] DEBUG nextflow.script.ScriptRunner - Parsed script files:
  Script_395ccb7c250e5a78: /Users/majeedjamakhani/MJ-IMM/Personal/Learn-update/Workflow-learn/Nextflow_scRNA/main.nf
  Script_fd1881cbb06bab8b: /Users/majeedjamakhani/MJ-IMM/Personal/Learn-update/Workflow-learn/Nextflow_scRNA/./modules/DEG.nf
  Script_5985ae5e8bb55bc0: /Users/majeedjamakhani/MJ-IMM/Personal/Learn-update/Workflow-learn/Nextflow_scRNA/./modules/preprocess.nf
  Script_c2c8f9515ecc6f03: /Users/majeedjamakhani/MJ-IMM/Personal/Learn-update/Workflow-learn/Nextflow_scRNA/./modules/object_creation_ss.nf
  Script_5f6176f9478c1fcc: /Users/majeedjamakhani/MJ-IMM/Personal/Learn-update/Workflow-learn/Nextflow_scRNA/./modules/object_creation_ms.nf
Jun-15 17:13:42.310 [main] DEBUG nextflow.script.ScriptRunner - > Awaiting termination 
Jun-15 17:13:42.310 [main] DEBUG nextflow.Session - Session await
Jun-15 17:13:42.385 [Actor Thread 5] INFO  nextflow.processor.TaskProcessor - [62/d95ccf] Cached process > OBJECT_CREATION_MS (Creation of Seurat object for Multiple samples)
Jun-15 17:13:42.403 [Actor Thread 10] INFO  nextflow.processor.TaskProcessor - [08/554ee9] Cached process > PREPROCESS (Preprocess of Seurat object)
Jun-15 17:13:42.430 [Task submitter] DEBUG n.executor.local.LocalTaskHandler - Launch cmd line: /bin/bash -ue .command.run
Jun-15 17:13:42.431 [Task submitter] INFO  nextflow.Session - [b5/43c527] Submitted process > DEG_ANALYSIS (DEG analysis using Seurat)
Jun-15 17:14:03.100 [Task monitor] DEBUG n.processor.TaskPollingMonitor - Task completed > TaskHandler[id: 3; name: DEG_ANALYSIS (DEG analysis using Seurat); status: COMPLETED; exit: 1; error: -; workDir: /Users/majeedjamakhani/MJ-IMM/Personal/Learn-update/Workflow-learn/Nextflow_scRNA/work/b5/43c52723c812028ad69efe09d63600]
Jun-15 17:14:03.104 [TaskFinalizer-1] DEBUG nextflow.processor.TaskProcessor - Handling unexpected condition for
  task: name=DEG_ANALYSIS (DEG analysis using Seurat); work-dir=/Users/majeedjamakhani/MJ-IMM/Personal/Learn-update/Workflow-learn/Nextflow_scRNA/work/b5/43c52723c812028ad69efe09d63600
  error [nextflow.exception.ProcessFailedException]: Process `DEG_ANALYSIS (DEG analysis using Seurat)` terminated with an error exit status (1)
Jun-15 17:14:03.113 [TaskFinalizer-1] ERROR nextflow.processor.TaskProcessor - Error executing process > 'DEG_ANALYSIS (DEG analysis using Seurat)'

Caused by:
  Process `DEG_ANALYSIS (DEG analysis using Seurat)` terminated with an error exit status (1)


Command executed:

  #!/usr/bin/env Rscript
  library(Seurat)
  library(tidyverse)
  
  # Load preprocessed Seurat object
  seurat_obj <- readRDS("preprocessed_object.rds")
  
  # Find markers
  pb_markers <- FindAllMarkers(seurat_obj, only.pos = TRUE, test.use = "wilcox")
  
  # Save marker table
  saveRDS(pb_markers, "pb_markers.rds")
  
  # Add gene column from rownames
  top10 <- pb_markers %>%
  rownames_to_column(var = "gene") %>%
  group_by(Seurat_clusters) %>%
  filter(avg_log2FC > 1) %>%
  slice_head(n = 10) %>%
  ungroup()
  
  # Generate heatmap
  heatmap_plot <- DoHeatmap(seurat_obj, features = top10$gene) + NoLegend()
  ggsave("pb_top10_heatmap.png", plot = heatmap_plot)

Command exit status:
  1

Command output:
  (empty)

Command error:
  Warning: When testing 2 versus all:
  	data layers are not joined. Please run JoinLayers
  Warning: When testing 3 versus all:
  	data layers are not joined. Please run JoinLayers
  Warning: When testing 4 versus all:
  	data layers are not joined. Please run JoinLayers
  Warning: When testing 5 versus all:
  	data layers are not joined. Please run JoinLayers
  Warning: When testing 6 versus all:
  	data layers are not joined. Please run JoinLayers
  Warning: When testing 7 versus all:
  	data layers are not joined. Please run JoinLayers
  Warning: When testing 8 versus all:
  	data layers are not joined. Please run JoinLayers
  Warning: When testing 9 versus all:
  	data layers are not joined. Please run JoinLayers
  Warning: When testing 10 versus all:
  	data layers are not joined. Please run JoinLayers
  Warning: When testing 11 versus all:
  	data layers are not joined. Please run JoinLayers
  Warning: When testing 12 versus all:
  	data layers are not joined. Please run JoinLayers
  Warning: When testing 13 versus all:
  	data layers are not joined. Please run JoinLayers
  Warning: When testing 14 versus all:
  	data layers are not joined. Please run JoinLayers
  Warning: When testing 15 versus all:
  	data layers are not joined. Please run JoinLayers
  Warning: When testing 16 versus all:
  	data layers are not joined. Please run JoinLayers
  Warning: When testing 17 versus all:
  	data layers are not joined. Please run JoinLayers
  Warning: When testing 18 versus all:
  	data layers are not joined. Please run JoinLayers
  Warning: When testing 19 versus all:
  	data layers are not joined. Please run JoinLayers
  Error in `group_by()`:
  ! Must group by variables found in `.data`.
  ✖ Column `Seurat_clusters` is not found.
  Backtrace:
      ▆
   1. ├─... %>% ungroup()
   2. ├─dplyr::ungroup(.)
   3. ├─dplyr::slice_head(., n = 10)
   4. ├─dplyr::filter(., avg_log2FC > 1)
   5. ├─dplyr::group_by(., Seurat_clusters)
   6. └─dplyr:::group_by.data.frame(., Seurat_clusters)
   7.   └─dplyr::group_by_prepare(.data, ..., .add = .add, error_call = current_env())
   8.     └─rlang::abort(bullets, call = error_call)
  Execution halted

Work dir:
  /Users/majeedjamakhani/MJ-IMM/Personal/Learn-update/Workflow-learn/Nextflow_scRNA/work/b5/43c52723c812028ad69efe09d63600

Tip: when you have fixed the problem you can continue the execution adding the option `-resume` to the run command line
Jun-15 17:14:03.115 [main] DEBUG nextflow.Session - Session await > all processes finished
Jun-15 17:14:03.117 [TaskFinalizer-1] DEBUG nextflow.Session - Session aborted -- Cause: Process `DEG_ANALYSIS (DEG analysis using Seurat)` terminated with an error exit status (1)
Jun-15 17:14:03.125 [main] DEBUG nextflow.Session - Session await > all barriers passed
Jun-15 17:14:03.126 [Task monitor] DEBUG n.processor.TaskPollingMonitor - <<< barrier arrives (monitor: local) - terminating tasks monitor poll loop
Jun-15 17:14:03.131 [main] DEBUG n.trace.WorkflowStatsObserver - Workflow completed > WorkflowStats[succeededCount=0; failedCount=1; ignoredCount=0; cachedCount=2; pendingCount=0; submittedCount=0; runningCount=0; retriesCount=0; abortedCount=0; succeedDuration=0ms; failedDuration=20.6s; cachedDuration=2m 19s;loadCpus=0; loadMemory=0; peakRunning=1; peakCpus=1; peakMemory=0; ]
Jun-15 17:14:03.347 [main] DEBUG nextflow.cache.CacheDB - Closing CacheDB done
Jun-15 17:14:03.361 [main] DEBUG nextflow.script.ScriptRunner - > Execution complete -- Goodbye
